kotlin version: 2.3.0
error message: java.lang.RuntimeException: Error generating class file com/example/sportapp/sync/RemoteDataMerger$mergeAllFromServer$2.class (compiled from [C:\Users\William\Documents\Applications\sport-app\appli-android\app\src\main\java\com\example\sportapp\sync\RemoteDataMerger.kt]): Method too large: com/example/sportapp/sync/RemoteDataMerger$mergeAllFromServer$2.invokeSuspend (Ljava/lang/Object;)Ljava/lang/Object;
	at org.jetbrains.kotlin.codegen.ClassFileFactory$OutputClassFile.asByteArray(ClassFileFactory.kt:210)
	at org.jetbrains.kotlin.cli.common.output.OutputUtilsKt.writeAll(outputUtils.kt:34)
	at org.jetbrains.kotlin.cli.common.output.OutputUtilsKt.writeAll(outputUtils.kt:59)
	at org.jetbrains.kotlin.cli.jvm.compiler.CliCompilerUtilsKt.writeOutput(cliCompilerUtils.kt:104)
	at org.jetbrains.kotlin.cli.jvm.compiler.CliCompilerUtilsKt.writeOutputsIfNeeded(cliCompilerUtils.kt:124)
	at org.jetbrains.kotlin.cli.pipeline.jvm.JvmWriteOutputsPhase.executePhase(JvmWriteOutputsPhase.kt:17)
	at org.jetbrains.kotlin.cli.pipeline.jvm.JvmWriteOutputsPhase.executePhase(JvmWriteOutputsPhase.kt:12)
	at org.jetbrains.kotlin.cli.pipeline.PipelinePhase.phaseBody(PipelinePhase.kt:68)
	at org.jetbrains.kotlin.cli.pipeline.PipelinePhase.phaseBody(PipelinePhase.kt:58)
	at org.jetbrains.kotlin.config.phaser.NamedCompilerPhase.invoke(CompilerPhase.kt:102)
	at org.jetbrains.kotlin.backend.common.phaser.CompositePhase.invoke(PhaseBuilders.kt:22)
	at org.jetbrains.kotlin.config.phaser.CompilerPhaseKt.invokeToplevel(CompilerPhase.kt:53)
	at org.jetbrains.kotlin.cli.pipeline.AbstractCliPipeline.runPhasedPipeline(AbstractCliPipeline.kt:109)
	at org.jetbrains.kotlin.cli.pipeline.AbstractCliPipeline.execute(AbstractCliPipeline.kt:68)
	at org.jetbrains.kotlin.cli.jvm.K2JVMCompiler.doExecutePhased(K2JVMCompiler.kt:51)
	at org.jetbrains.kotlin.cli.jvm.K2JVMCompiler.doExecutePhased(K2JVMCompiler.kt:42)
	at org.jetbrains.kotlin.cli.common.CLICompiler.execImpl(CLICompiler.kt:89)
	at org.jetbrains.kotlin.cli.common.CLICompiler.exec(CLICompiler.kt:359)
	at org.jetbrains.kotlin.incremental.IncrementalJvmCompilerRunnerBase.runCompiler(IncrementalJvmCompilerRunnerBase.kt:178)
	at org.jetbrains.kotlin.incremental.IncrementalJvmCompilerRunnerBase.runCompiler(IncrementalJvmCompilerRunnerBase.kt:40)
	at org.jetbrains.kotlin.incremental.IncrementalCompilerRunner.doCompile(IncrementalCompilerRunner.kt:504)
	at org.jetbrains.kotlin.incremental.IncrementalCompilerRunner.compileImpl(IncrementalCompilerRunner.kt:418)
	at org.jetbrains.kotlin.incremental.IncrementalCompilerRunner.tryCompileIncrementally$lambda$0$compile(IncrementalCompilerRunner.kt:249)
	at org.jetbrains.kotlin.incremental.IncrementalCompilerRunner.tryCompileIncrementally(IncrementalCompilerRunner.kt:267)
	at org.jetbrains.kotlin.incremental.IncrementalCompilerRunner.compile(IncrementalCompilerRunner.kt:119)
	at org.jetbrains.kotlin.daemon.CompileServiceImplBase.execIncrementalCompiler(CompileServiceImpl.kt:684)
	at org.jetbrains.kotlin.daemon.CompileServiceImplBase.access$execIncrementalCompiler(CompileServiceImpl.kt:94)
	at org.jetbrains.kotlin.daemon.CompileServiceImpl.compile(CompileServiceImpl.kt:1810)
	at java.base/jdk.internal.reflect.DirectMethodHandleAccessor.invoke(Unknown Source)
	at java.base/java.lang.reflect.Method.invoke(Unknown Source)
	at java.rmi/sun.rmi.server.UnicastServerRef.dispatch(Unknown Source)
	at java.rmi/sun.rmi.transport.Transport$1.run(Unknown Source)
	at java.rmi/sun.rmi.transport.Transport$1.run(Unknown Source)
	at java.base/java.security.AccessController.doPrivileged(Unknown Source)
	at java.rmi/sun.rmi.transport.Transport.serviceCall(Unknown Source)
	at java.rmi/sun.rmi.transport.tcp.TCPTransport.handleMessages(Unknown Source)
	at java.rmi/sun.rmi.transport.tcp.TCPTransport$ConnectionHandler.run0(Unknown Source)
	at java.rmi/sun.rmi.transport.tcp.TCPTransport$ConnectionHandler.lambda$run$0(Unknown Source)
	at java.base/java.security.AccessController.doPrivileged(Unknown Source)
	at java.rmi/sun.rmi.transport.tcp.TCPTransport$ConnectionHandler.run(Unknown Source)
	at java.base/java.util.concurrent.ThreadPoolExecutor.runWorker(Unknown Source)
	at java.base/java.util.concurrent.ThreadPoolExecutor$Worker.run(Unknown Source)
	at java.base/java.lang.Thread.run(Unknown Source)
Caused by: org.jetbrains.org.objectweb.asm.MethodTooLargeException: Method too large: com/example/sportapp/sync/RemoteDataMerger$mergeAllFromServer$2.invokeSuspend (Ljava/lang/Object;)Ljava/lang/Object;
	at org.jetbrains.org.objectweb.asm.MethodWriter.computeMethodInfoSize(MethodWriter.java:2088)
	at org.jetbrains.org.objectweb.asm.ClassWriter.toByteArray(ClassWriter.java:512)
	at org.jetbrains.kotlin.codegen.ClassBuilderFactories$1.asBytes(ClassBuilderFactories.java:81)
	at org.jetbrains.kotlin.codegen.DelegatingClassBuilderFactory.asBytes(DelegatingClassBuilderFactory.kt:27)
	at org.jetbrains.kotlin.codegen.DelegatingClassBuilderFactory.asBytes(DelegatingClassBuilderFactory.kt:27)
	at org.jetbrains.kotlin.codegen.ClassFileFactory$ClassBuilderAndSourceFileList.asBytes(ClassFileFactory.kt:233)
	at org.jetbrains.kotlin.codegen.ClassFileFactory$OutputClassFile.asByteArray(ClassFileFactory.kt:208)
	... 42 more


